// Jest Snapshot v1, https://goo.gl/fbAQLP

exports[`Card should match the snapshot 1`] = `
ShallowWrapper {
  "length": 1,
  Symbol(enzyme.__root__): [Circular],
  Symbol(enzyme.__unrendered__): <Card
    storeSelectedMovieId={[Function]}
/>,
  Symbol(enzyme.__renderer__): Object {
    "batchedUpdates": [Function],
    "getNode": [Function],
    "render": [Function],
    "simulateEvent": [Function],
    "unmount": [Function],
  },
  Symbol(enzyme.__node__): Object {
    "instance": null,
    "key": undefined,
    "nodeType": "host",
    "props": Object {
      "children": Array [
        <img
          className="thumbImg"
          src="https://image.tmdb.org/t/p/w500/undefined"
/>,
        <div
          className="titleStars"
>
          <h3 />
          <div
                    className="stars"
          >
                    <div>
                              <img
                                        src="stars-gray.png"
                              />
                    </div>
                    <div
                              className="goldStars"
                              style={
                                        Object {
                                                  "width": "NaN%",
                                                }
                              }
                    >
                              <img
                                        src="stars-gold.png"
                              />
                    </div>
          </div>
</div>,
        <div
          className="triangle"
/>,
      ],
      "className": "movieCard selected",
      "onClick": [Function],
    },
    "ref": null,
    "rendered": Array [
      Object {
        "instance": null,
        "key": undefined,
        "nodeType": "host",
        "props": Object {
          "className": "thumbImg",
          "src": "https://image.tmdb.org/t/p/w500/undefined",
        },
        "ref": null,
        "rendered": null,
        "type": "img",
      },
      Object {
        "instance": null,
        "key": undefined,
        "nodeType": "host",
        "props": Object {
          "children": Array [
            <h3 />,
            <div
              className="stars"
>
              <div>
                            <img
                                          src="stars-gray.png"
                            />
              </div>
              <div
                            className="goldStars"
                            style={
                                          Object {
                                                        "width": "NaN%",
                                                      }
                            }
              >
                            <img
                                          src="stars-gold.png"
                            />
              </div>
</div>,
          ],
          "className": "titleStars",
        },
        "ref": null,
        "rendered": Array [
          Object {
            "instance": null,
            "key": undefined,
            "nodeType": "host",
            "props": Object {
              "children": undefined,
            },
            "ref": null,
            "rendered": null,
            "type": "h3",
          },
          Object {
            "instance": null,
            "key": undefined,
            "nodeType": "host",
            "props": Object {
              "children": Array [
                <div>
                  <img
                                    src="stars-gray.png"
                  />
</div>,
                <div
                  className="goldStars"
                  style={
                                    Object {
                                                      "width": "NaN%",
                                                    }
                  }
>
                  <img
                                    src="stars-gold.png"
                  />
</div>,
              ],
              "className": "stars",
            },
            "ref": null,
            "rendered": Array [
              Object {
                "instance": null,
                "key": undefined,
                "nodeType": "host",
                "props": Object {
                  "children": <img
                    src="stars-gray.png"
/>,
                },
                "ref": null,
                "rendered": Object {
                  "instance": null,
                  "key": undefined,
                  "nodeType": "host",
                  "props": Object {
                    "src": "stars-gray.png",
                  },
                  "ref": null,
                  "rendered": null,
                  "type": "img",
                },
                "type": "div",
              },
              Object {
                "instance": null,
                "key": undefined,
                "nodeType": "host",
                "props": Object {
                  "children": <img
                    src="stars-gold.png"
/>,
                  "className": "goldStars",
                  "style": Object {
                    "width": "NaN%",
                  },
                },
                "ref": null,
                "rendered": Object {
                  "instance": null,
                  "key": undefined,
                  "nodeType": "host",
                  "props": Object {
                    "src": "stars-gold.png",
                  },
                  "ref": null,
                  "rendered": null,
                  "type": "img",
                },
                "type": "div",
              },
            ],
            "type": "div",
          },
        ],
        "type": "div",
      },
      Object {
        "instance": null,
        "key": undefined,
        "nodeType": "host",
        "props": Object {
          "className": "triangle",
        },
        "ref": null,
        "rendered": null,
        "type": "div",
      },
    ],
    "type": "div",
  },
  Symbol(enzyme.__nodes__): Array [
    Object {
      "instance": null,
      "key": undefined,
      "nodeType": "host",
      "props": Object {
        "children": Array [
          <img
            className="thumbImg"
            src="https://image.tmdb.org/t/p/w500/undefined"
/>,
          <div
            className="titleStars"
>
            <h3 />
            <div
                        className="stars"
            >
                        <div>
                                    <img
                                                src="stars-gray.png"
                                    />
                        </div>
                        <div
                                    className="goldStars"
                                    style={
                                                Object {
                                                            "width": "NaN%",
                                                          }
                                    }
                        >
                                    <img
                                                src="stars-gold.png"
                                    />
                        </div>
            </div>
</div>,
          <div
            className="triangle"
/>,
        ],
        "className": "movieCard selected",
        "onClick": [Function],
      },
      "ref": null,
      "rendered": Array [
        Object {
          "instance": null,
          "key": undefined,
          "nodeType": "host",
          "props": Object {
            "className": "thumbImg",
            "src": "https://image.tmdb.org/t/p/w500/undefined",
          },
          "ref": null,
          "rendered": null,
          "type": "img",
        },
        Object {
          "instance": null,
          "key": undefined,
          "nodeType": "host",
          "props": Object {
            "children": Array [
              <h3 />,
              <div
                className="stars"
>
                <div>
                                <img
                                                src="stars-gray.png"
                                />
                </div>
                <div
                                className="goldStars"
                                style={
                                                Object {
                                                                "width": "NaN%",
                                                              }
                                }
                >
                                <img
                                                src="stars-gold.png"
                                />
                </div>
</div>,
            ],
            "className": "titleStars",
          },
          "ref": null,
          "rendered": Array [
            Object {
              "instance": null,
              "key": undefined,
              "nodeType": "host",
              "props": Object {
                "children": undefined,
              },
              "ref": null,
              "rendered": null,
              "type": "h3",
            },
            Object {
              "instance": null,
              "key": undefined,
              "nodeType": "host",
              "props": Object {
                "children": Array [
                  <div>
                    <img
                                        src="stars-gray.png"
                    />
</div>,
                  <div
                    className="goldStars"
                    style={
                                        Object {
                                                            "width": "NaN%",
                                                          }
                    }
>
                    <img
                                        src="stars-gold.png"
                    />
</div>,
                ],
                "className": "stars",
              },
              "ref": null,
              "rendered": Array [
                Object {
                  "instance": null,
                  "key": undefined,
                  "nodeType": "host",
                  "props": Object {
                    "children": <img
                      src="stars-gray.png"
/>,
                  },
                  "ref": null,
                  "rendered": Object {
                    "instance": null,
                    "key": undefined,
                    "nodeType": "host",
                    "props": Object {
                      "src": "stars-gray.png",
                    },
                    "ref": null,
                    "rendered": null,
                    "type": "img",
                  },
                  "type": "div",
                },
                Object {
                  "instance": null,
                  "key": undefined,
                  "nodeType": "host",
                  "props": Object {
                    "children": <img
                      src="stars-gold.png"
/>,
                    "className": "goldStars",
                    "style": Object {
                      "width": "NaN%",
                    },
                  },
                  "ref": null,
                  "rendered": Object {
                    "instance": null,
                    "key": undefined,
                    "nodeType": "host",
                    "props": Object {
                      "src": "stars-gold.png",
                    },
                    "ref": null,
                    "rendered": null,
                    "type": "img",
                  },
                  "type": "div",
                },
              ],
              "type": "div",
            },
          ],
          "type": "div",
        },
        Object {
          "instance": null,
          "key": undefined,
          "nodeType": "host",
          "props": Object {
            "className": "triangle",
          },
          "ref": null,
          "rendered": null,
          "type": "div",
        },
      ],
      "type": "div",
    },
  ],
  Symbol(enzyme.__options__): Object {
    "adapter": ReactSixteenAdapter {
      "options": Object {
        "enableComponentDidUpdateOnSetState": true,
      },
    },
  },
}
`;
