// Jest Snapshot v1, https://goo.gl/fbAQLP

exports[`Header should match the snapshot 1`] = `
ShallowWrapper {
  "length": 1,
  Symbol(enzyme.__root__): [Circular],
  Symbol(enzyme.__unrendered__): <Header />,
  Symbol(enzyme.__renderer__): Object {
    "batchedUpdates": [Function],
    "getNode": [Function],
    "render": [Function],
    "simulateEvent": [Function],
    "unmount": [Function],
  },
  Symbol(enzyme.__node__): Object {
    "instance": null,
    "key": undefined,
    "nodeType": "host",
    "props": Object {
      "children": Array [
        <Link
          replace={false}
          to="/"
>
          <img
                    className="logo"
                    src="movie-tracker-logo.png"
          />
</Link>,
        <nav>
          <NavLink
                    activeClassName="active"
                    ariaCurrent="true"
                    className="navLink"
                    onClick={[Function]}
                    to="/login"
          >
                    Sign Up/Login
          </NavLink>
          <NavLink
                    activeClassName="active"
                    ariaCurrent="true"
                    className="navLink"
                    onClick={[Function]}
                    to="/favorites"
          >
                    Favorites
          </NavLink>
          <NavLink
                    activeClassName="active"
                    ariaCurrent="true"
                    className="navLink"
                    onClick={[Function]}
                    to="/"
          >
                    Recent Movies
          </NavLink>
</nav>,
      ],
      "className": "header",
    },
    "ref": null,
    "rendered": Array [
      Object {
        "instance": null,
        "key": undefined,
        "nodeType": "class",
        "props": Object {
          "children": <img
            className="logo"
            src="movie-tracker-logo.png"
/>,
          "replace": false,
          "to": "/",
        },
        "ref": null,
        "rendered": Object {
          "instance": null,
          "key": undefined,
          "nodeType": "host",
          "props": Object {
            "className": "logo",
            "src": "movie-tracker-logo.png",
          },
          "ref": null,
          "rendered": null,
          "type": "img",
        },
        "type": [Function],
      },
      Object {
        "instance": null,
        "key": undefined,
        "nodeType": "host",
        "props": Object {
          "children": Array [
            <NavLink
              activeClassName="active"
              ariaCurrent="true"
              className="navLink"
              onClick={[Function]}
              to="/login"
>
              Sign Up/Login
</NavLink>,
            <NavLink
              activeClassName="active"
              ariaCurrent="true"
              className="navLink"
              onClick={[Function]}
              to="/favorites"
>
              Favorites
</NavLink>,
            null,
            <NavLink
              activeClassName="active"
              ariaCurrent="true"
              className="navLink"
              onClick={[Function]}
              to="/"
>
              Recent Movies
</NavLink>,
          ],
        },
        "ref": null,
        "rendered": Array [
          Object {
            "instance": null,
            "key": undefined,
            "nodeType": "function",
            "props": Object {
              "activeClassName": "active",
              "ariaCurrent": "true",
              "children": "Sign Up/Login",
              "className": "navLink",
              "onClick": [Function],
              "to": "/login",
            },
            "ref": null,
            "rendered": "Sign Up/Login",
            "type": [Function],
          },
          Object {
            "instance": null,
            "key": undefined,
            "nodeType": "function",
            "props": Object {
              "activeClassName": "active",
              "ariaCurrent": "true",
              "children": "Favorites",
              "className": "navLink",
              "onClick": [Function],
              "to": "/favorites",
            },
            "ref": null,
            "rendered": "Favorites",
            "type": [Function],
          },
          null,
          Object {
            "instance": null,
            "key": undefined,
            "nodeType": "function",
            "props": Object {
              "activeClassName": "active",
              "ariaCurrent": "true",
              "children": "Recent Movies",
              "className": "navLink",
              "onClick": [Function],
              "to": "/",
            },
            "ref": null,
            "rendered": "Recent Movies",
            "type": [Function],
          },
        ],
        "type": "nav",
      },
    ],
    "type": "div",
  },
  Symbol(enzyme.__nodes__): Array [
    Object {
      "instance": null,
      "key": undefined,
      "nodeType": "host",
      "props": Object {
        "children": Array [
          <Link
            replace={false}
            to="/"
>
            <img
                        className="logo"
                        src="movie-tracker-logo.png"
            />
</Link>,
          <nav>
            <NavLink
                        activeClassName="active"
                        ariaCurrent="true"
                        className="navLink"
                        onClick={[Function]}
                        to="/login"
            >
                        Sign Up/Login
            </NavLink>
            <NavLink
                        activeClassName="active"
                        ariaCurrent="true"
                        className="navLink"
                        onClick={[Function]}
                        to="/favorites"
            >
                        Favorites
            </NavLink>
            <NavLink
                        activeClassName="active"
                        ariaCurrent="true"
                        className="navLink"
                        onClick={[Function]}
                        to="/"
            >
                        Recent Movies
            </NavLink>
</nav>,
        ],
        "className": "header",
      },
      "ref": null,
      "rendered": Array [
        Object {
          "instance": null,
          "key": undefined,
          "nodeType": "class",
          "props": Object {
            "children": <img
              className="logo"
              src="movie-tracker-logo.png"
/>,
            "replace": false,
            "to": "/",
          },
          "ref": null,
          "rendered": Object {
            "instance": null,
            "key": undefined,
            "nodeType": "host",
            "props": Object {
              "className": "logo",
              "src": "movie-tracker-logo.png",
            },
            "ref": null,
            "rendered": null,
            "type": "img",
          },
          "type": [Function],
        },
        Object {
          "instance": null,
          "key": undefined,
          "nodeType": "host",
          "props": Object {
            "children": Array [
              <NavLink
                activeClassName="active"
                ariaCurrent="true"
                className="navLink"
                onClick={[Function]}
                to="/login"
>
                Sign Up/Login
</NavLink>,
              <NavLink
                activeClassName="active"
                ariaCurrent="true"
                className="navLink"
                onClick={[Function]}
                to="/favorites"
>
                Favorites
</NavLink>,
              null,
              <NavLink
                activeClassName="active"
                ariaCurrent="true"
                className="navLink"
                onClick={[Function]}
                to="/"
>
                Recent Movies
</NavLink>,
            ],
          },
          "ref": null,
          "rendered": Array [
            Object {
              "instance": null,
              "key": undefined,
              "nodeType": "function",
              "props": Object {
                "activeClassName": "active",
                "ariaCurrent": "true",
                "children": "Sign Up/Login",
                "className": "navLink",
                "onClick": [Function],
                "to": "/login",
              },
              "ref": null,
              "rendered": "Sign Up/Login",
              "type": [Function],
            },
            Object {
              "instance": null,
              "key": undefined,
              "nodeType": "function",
              "props": Object {
                "activeClassName": "active",
                "ariaCurrent": "true",
                "children": "Favorites",
                "className": "navLink",
                "onClick": [Function],
                "to": "/favorites",
              },
              "ref": null,
              "rendered": "Favorites",
              "type": [Function],
            },
            null,
            Object {
              "instance": null,
              "key": undefined,
              "nodeType": "function",
              "props": Object {
                "activeClassName": "active",
                "ariaCurrent": "true",
                "children": "Recent Movies",
                "className": "navLink",
                "onClick": [Function],
                "to": "/",
              },
              "ref": null,
              "rendered": "Recent Movies",
              "type": [Function],
            },
          ],
          "type": "nav",
        },
      ],
      "type": "div",
    },
  ],
  Symbol(enzyme.__options__): Object {
    "adapter": ReactSixteenAdapter {
      "options": Object {
        "enableComponentDidUpdateOnSetState": true,
      },
    },
  },
}
`;
