// Jest Snapshot v1, https://goo.gl/fbAQLP

exports[`Login should match the snapshot 1`] = `
ShallowWrapper {
  "length": 1,
  Symbol(enzyme.__root__): [Circular],
  Symbol(enzyme.__unrendered__): <Login />,
  Symbol(enzyme.__renderer__): Object {
    "batchedUpdates": [Function],
    "getNode": [Function],
    "render": [Function],
    "simulateEvent": [Function],
    "unmount": [Function],
  },
  Symbol(enzyme.__node__): Object {
    "instance": null,
    "key": undefined,
    "nodeType": "host",
    "props": Object {
      "children": Array [
        <article
          className="signUp"
>
          <h2>
                    Sign Up
          </h2>
          <form
                    className="signUpForm"
                    onSubmit={[Function]}
          >
                    <h3>
                              Full Name
                    </h3>
                    <input
                              name="name"
                              onChange={[Function]}
                              placeholder="Name"
                              value=""
                    />
                    <h3>
                              Email
                    </h3>
                    <input
                              name="signUpEmail"
                              onChange={[Function]}
                              placeholder="Ex: testman@aol.com"
                              value=""
                    />
                    
                    <h3>
                              Password
                    </h3>
                    <t
                              buttonClassName=""
                              inputClassName=""
                              name="signUpPassword"
                              onBlur={[Function]}
                              onChange={[Function]}
                              onKeyDown={[Function]}
                              placeholder="Password"
                              useVendorStyles={true}
                              value=""
                    />
                    <button>
                              Sign Up
                    </button>
          </form>
</article>,
        <div
          className="formDivider"
>
          <div />
          <span>
                    OR
          </span>
          <div />
</div>,
        <article
          className="login"
>
          <h2>
                    Login
          </h2>
          <form
                    className="loginForm"
                    onSubmit={[Function]}
          >
                    <h3>
                              Email
                    </h3>
                    <input
                              name="loginEmail"
                              onChange={[Function]}
                              placeholder="Ex: testman@aol.com"
                              value=""
                    />
                    <h3>
                              Password
                    </h3>
                    <t
                              buttonClassName=""
                              inputClassName=""
                              name="loginPassword"
                              onBlur={[Function]}
                              onChange={[Function]}
                              onKeyDown={[Function]}
                              placeholder="Password"
                              useVendorStyles={true}
                              value=""
                    />
                    
                    <button>
                              Login
                    </button>
          </form>
</article>,
      ],
      "className": "signUpForms",
    },
    "ref": null,
    "rendered": Array [
      Object {
        "instance": null,
        "key": undefined,
        "nodeType": "host",
        "props": Object {
          "children": Array [
            <h2>
              Sign Up
</h2>,
            <form
              className="signUpForm"
              onSubmit={[Function]}
>
              <h3>
                            Full Name
              </h3>
              <input
                            name="name"
                            onChange={[Function]}
                            placeholder="Name"
                            value=""
              />
              <h3>
                            Email
              </h3>
              <input
                            name="signUpEmail"
                            onChange={[Function]}
                            placeholder="Ex: testman@aol.com"
                            value=""
              />
              
              <h3>
                            Password
              </h3>
              <t
                            buttonClassName=""
                            inputClassName=""
                            name="signUpPassword"
                            onBlur={[Function]}
                            onChange={[Function]}
                            onKeyDown={[Function]}
                            placeholder="Password"
                            useVendorStyles={true}
                            value=""
              />
              <button>
                            Sign Up
              </button>
</form>,
          ],
          "className": "signUp",
        },
        "ref": null,
        "rendered": Array [
          Object {
            "instance": null,
            "key": undefined,
            "nodeType": "host",
            "props": Object {
              "children": "Sign Up",
            },
            "ref": null,
            "rendered": "Sign Up",
            "type": "h2",
          },
          Object {
            "instance": null,
            "key": undefined,
            "nodeType": "host",
            "props": Object {
              "children": Array [
                <h3>
                  Full Name
</h3>,
                <input
                  name="name"
                  onChange={[Function]}
                  placeholder="Name"
                  value=""
/>,
                <h3>
                  Email
</h3>,
                <input
                  name="signUpEmail"
                  onChange={[Function]}
                  placeholder="Ex: testman@aol.com"
                  value=""
/>,
                "",
                <h3>
                  Password
</h3>,
                <t
                  buttonClassName=""
                  inputClassName=""
                  name="signUpPassword"
                  onBlur={[Function]}
                  onChange={[Function]}
                  onKeyDown={[Function]}
                  placeholder="Password"
                  useVendorStyles={true}
                  value=""
/>,
                <button>
                  Sign Up
</button>,
              ],
              "className": "signUpForm",
              "onSubmit": [Function],
            },
            "ref": null,
            "rendered": Array [
              Object {
                "instance": null,
                "key": undefined,
                "nodeType": "host",
                "props": Object {
                  "children": "Full Name",
                },
                "ref": null,
                "rendered": "Full Name",
                "type": "h3",
              },
              Object {
                "instance": null,
                "key": undefined,
                "nodeType": "host",
                "props": Object {
                  "name": "name",
                  "onChange": [Function],
                  "placeholder": "Name",
                  "value": "",
                },
                "ref": null,
                "rendered": null,
                "type": "input",
              },
              Object {
                "instance": null,
                "key": undefined,
                "nodeType": "host",
                "props": Object {
                  "children": "Email",
                },
                "ref": null,
                "rendered": "Email",
                "type": "h3",
              },
              Object {
                "instance": null,
                "key": undefined,
                "nodeType": "host",
                "props": Object {
                  "name": "signUpEmail",
                  "onChange": [Function],
                  "placeholder": "Ex: testman@aol.com",
                  "value": "",
                },
                "ref": null,
                "rendered": null,
                "type": "input",
              },
              "",
              Object {
                "instance": null,
                "key": undefined,
                "nodeType": "host",
                "props": Object {
                  "children": "Password",
                },
                "ref": null,
                "rendered": "Password",
                "type": "h3",
              },
              Object {
                "instance": null,
                "key": undefined,
                "nodeType": "class",
                "props": Object {
                  "buttonClassName": "",
                  "inputClassName": "",
                  "name": "signUpPassword",
                  "onBlur": [Function],
                  "onChange": [Function],
                  "onKeyDown": [Function],
                  "placeholder": "Password",
                  "useVendorStyles": true,
                  "value": "",
                },
                "ref": null,
                "rendered": null,
                "type": [Function],
              },
              Object {
                "instance": null,
                "key": undefined,
                "nodeType": "host",
                "props": Object {
                  "children": "Sign Up",
                },
                "ref": null,
                "rendered": "Sign Up",
                "type": "button",
              },
            ],
            "type": "form",
          },
        ],
        "type": "article",
      },
      Object {
        "instance": null,
        "key": undefined,
        "nodeType": "host",
        "props": Object {
          "children": Array [
            <div />,
            <span>
              OR
</span>,
            <div />,
          ],
          "className": "formDivider",
        },
        "ref": null,
        "rendered": Array [
          Object {
            "instance": null,
            "key": undefined,
            "nodeType": "host",
            "props": Object {},
            "ref": null,
            "rendered": null,
            "type": "div",
          },
          Object {
            "instance": null,
            "key": undefined,
            "nodeType": "host",
            "props": Object {
              "children": "OR",
            },
            "ref": null,
            "rendered": "OR",
            "type": "span",
          },
          Object {
            "instance": null,
            "key": undefined,
            "nodeType": "host",
            "props": Object {},
            "ref": null,
            "rendered": null,
            "type": "div",
          },
        ],
        "type": "div",
      },
      Object {
        "instance": null,
        "key": undefined,
        "nodeType": "host",
        "props": Object {
          "children": Array [
            <h2>
              Login
</h2>,
            <form
              className="loginForm"
              onSubmit={[Function]}
>
              <h3>
                            Email
              </h3>
              <input
                            name="loginEmail"
                            onChange={[Function]}
                            placeholder="Ex: testman@aol.com"
                            value=""
              />
              <h3>
                            Password
              </h3>
              <t
                            buttonClassName=""
                            inputClassName=""
                            name="loginPassword"
                            onBlur={[Function]}
                            onChange={[Function]}
                            onKeyDown={[Function]}
                            placeholder="Password"
                            useVendorStyles={true}
                            value=""
              />
              
              <button>
                            Login
              </button>
</form>,
          ],
          "className": "login",
        },
        "ref": null,
        "rendered": Array [
          Object {
            "instance": null,
            "key": undefined,
            "nodeType": "host",
            "props": Object {
              "children": "Login",
            },
            "ref": null,
            "rendered": "Login",
            "type": "h2",
          },
          Object {
            "instance": null,
            "key": undefined,
            "nodeType": "host",
            "props": Object {
              "children": Array [
                <h3>
                  Email
</h3>,
                <input
                  name="loginEmail"
                  onChange={[Function]}
                  placeholder="Ex: testman@aol.com"
                  value=""
/>,
                <h3>
                  Password
</h3>,
                <t
                  buttonClassName=""
                  inputClassName=""
                  name="loginPassword"
                  onBlur={[Function]}
                  onChange={[Function]}
                  onKeyDown={[Function]}
                  placeholder="Password"
                  useVendorStyles={true}
                  value=""
/>,
                "",
                <button>
                  Login
</button>,
              ],
              "className": "loginForm",
              "onSubmit": [Function],
            },
            "ref": null,
            "rendered": Array [
              Object {
                "instance": null,
                "key": undefined,
                "nodeType": "host",
                "props": Object {
                  "children": "Email",
                },
                "ref": null,
                "rendered": "Email",
                "type": "h3",
              },
              Object {
                "instance": null,
                "key": undefined,
                "nodeType": "host",
                "props": Object {
                  "name": "loginEmail",
                  "onChange": [Function],
                  "placeholder": "Ex: testman@aol.com",
                  "value": "",
                },
                "ref": null,
                "rendered": null,
                "type": "input",
              },
              Object {
                "instance": null,
                "key": undefined,
                "nodeType": "host",
                "props": Object {
                  "children": "Password",
                },
                "ref": null,
                "rendered": "Password",
                "type": "h3",
              },
              Object {
                "instance": null,
                "key": undefined,
                "nodeType": "class",
                "props": Object {
                  "buttonClassName": "",
                  "inputClassName": "",
                  "name": "loginPassword",
                  "onBlur": [Function],
                  "onChange": [Function],
                  "onKeyDown": [Function],
                  "placeholder": "Password",
                  "useVendorStyles": true,
                  "value": "",
                },
                "ref": null,
                "rendered": null,
                "type": [Function],
              },
              "",
              Object {
                "instance": null,
                "key": undefined,
                "nodeType": "host",
                "props": Object {
                  "children": "Login",
                },
                "ref": null,
                "rendered": "Login",
                "type": "button",
              },
            ],
            "type": "form",
          },
        ],
        "type": "article",
      },
    ],
    "type": "section",
  },
  Symbol(enzyme.__nodes__): Array [
    Object {
      "instance": null,
      "key": undefined,
      "nodeType": "host",
      "props": Object {
        "children": Array [
          <article
            className="signUp"
>
            <h2>
                        Sign Up
            </h2>
            <form
                        className="signUpForm"
                        onSubmit={[Function]}
            >
                        <h3>
                                    Full Name
                        </h3>
                        <input
                                    name="name"
                                    onChange={[Function]}
                                    placeholder="Name"
                                    value=""
                        />
                        <h3>
                                    Email
                        </h3>
                        <input
                                    name="signUpEmail"
                                    onChange={[Function]}
                                    placeholder="Ex: testman@aol.com"
                                    value=""
                        />
                        
                        <h3>
                                    Password
                        </h3>
                        <t
                                    buttonClassName=""
                                    inputClassName=""
                                    name="signUpPassword"
                                    onBlur={[Function]}
                                    onChange={[Function]}
                                    onKeyDown={[Function]}
                                    placeholder="Password"
                                    useVendorStyles={true}
                                    value=""
                        />
                        <button>
                                    Sign Up
                        </button>
            </form>
</article>,
          <div
            className="formDivider"
>
            <div />
            <span>
                        OR
            </span>
            <div />
</div>,
          <article
            className="login"
>
            <h2>
                        Login
            </h2>
            <form
                        className="loginForm"
                        onSubmit={[Function]}
            >
                        <h3>
                                    Email
                        </h3>
                        <input
                                    name="loginEmail"
                                    onChange={[Function]}
                                    placeholder="Ex: testman@aol.com"
                                    value=""
                        />
                        <h3>
                                    Password
                        </h3>
                        <t
                                    buttonClassName=""
                                    inputClassName=""
                                    name="loginPassword"
                                    onBlur={[Function]}
                                    onChange={[Function]}
                                    onKeyDown={[Function]}
                                    placeholder="Password"
                                    useVendorStyles={true}
                                    value=""
                        />
                        
                        <button>
                                    Login
                        </button>
            </form>
</article>,
        ],
        "className": "signUpForms",
      },
      "ref": null,
      "rendered": Array [
        Object {
          "instance": null,
          "key": undefined,
          "nodeType": "host",
          "props": Object {
            "children": Array [
              <h2>
                Sign Up
</h2>,
              <form
                className="signUpForm"
                onSubmit={[Function]}
>
                <h3>
                                Full Name
                </h3>
                <input
                                name="name"
                                onChange={[Function]}
                                placeholder="Name"
                                value=""
                />
                <h3>
                                Email
                </h3>
                <input
                                name="signUpEmail"
                                onChange={[Function]}
                                placeholder="Ex: testman@aol.com"
                                value=""
                />
                
                <h3>
                                Password
                </h3>
                <t
                                buttonClassName=""
                                inputClassName=""
                                name="signUpPassword"
                                onBlur={[Function]}
                                onChange={[Function]}
                                onKeyDown={[Function]}
                                placeholder="Password"
                                useVendorStyles={true}
                                value=""
                />
                <button>
                                Sign Up
                </button>
</form>,
            ],
            "className": "signUp",
          },
          "ref": null,
          "rendered": Array [
            Object {
              "instance": null,
              "key": undefined,
              "nodeType": "host",
              "props": Object {
                "children": "Sign Up",
              },
              "ref": null,
              "rendered": "Sign Up",
              "type": "h2",
            },
            Object {
              "instance": null,
              "key": undefined,
              "nodeType": "host",
              "props": Object {
                "children": Array [
                  <h3>
                    Full Name
</h3>,
                  <input
                    name="name"
                    onChange={[Function]}
                    placeholder="Name"
                    value=""
/>,
                  <h3>
                    Email
</h3>,
                  <input
                    name="signUpEmail"
                    onChange={[Function]}
                    placeholder="Ex: testman@aol.com"
                    value=""
/>,
                  "",
                  <h3>
                    Password
</h3>,
                  <t
                    buttonClassName=""
                    inputClassName=""
                    name="signUpPassword"
                    onBlur={[Function]}
                    onChange={[Function]}
                    onKeyDown={[Function]}
                    placeholder="Password"
                    useVendorStyles={true}
                    value=""
/>,
                  <button>
                    Sign Up
</button>,
                ],
                "className": "signUpForm",
                "onSubmit": [Function],
              },
              "ref": null,
              "rendered": Array [
                Object {
                  "instance": null,
                  "key": undefined,
                  "nodeType": "host",
                  "props": Object {
                    "children": "Full Name",
                  },
                  "ref": null,
                  "rendered": "Full Name",
                  "type": "h3",
                },
                Object {
                  "instance": null,
                  "key": undefined,
                  "nodeType": "host",
                  "props": Object {
                    "name": "name",
                    "onChange": [Function],
                    "placeholder": "Name",
                    "value": "",
                  },
                  "ref": null,
                  "rendered": null,
                  "type": "input",
                },
                Object {
                  "instance": null,
                  "key": undefined,
                  "nodeType": "host",
                  "props": Object {
                    "children": "Email",
                  },
                  "ref": null,
                  "rendered": "Email",
                  "type": "h3",
                },
                Object {
                  "instance": null,
                  "key": undefined,
                  "nodeType": "host",
                  "props": Object {
                    "name": "signUpEmail",
                    "onChange": [Function],
                    "placeholder": "Ex: testman@aol.com",
                    "value": "",
                  },
                  "ref": null,
                  "rendered": null,
                  "type": "input",
                },
                "",
                Object {
                  "instance": null,
                  "key": undefined,
                  "nodeType": "host",
                  "props": Object {
                    "children": "Password",
                  },
                  "ref": null,
                  "rendered": "Password",
                  "type": "h3",
                },
                Object {
                  "instance": null,
                  "key": undefined,
                  "nodeType": "class",
                  "props": Object {
                    "buttonClassName": "",
                    "inputClassName": "",
                    "name": "signUpPassword",
                    "onBlur": [Function],
                    "onChange": [Function],
                    "onKeyDown": [Function],
                    "placeholder": "Password",
                    "useVendorStyles": true,
                    "value": "",
                  },
                  "ref": null,
                  "rendered": null,
                  "type": [Function],
                },
                Object {
                  "instance": null,
                  "key": undefined,
                  "nodeType": "host",
                  "props": Object {
                    "children": "Sign Up",
                  },
                  "ref": null,
                  "rendered": "Sign Up",
                  "type": "button",
                },
              ],
              "type": "form",
            },
          ],
          "type": "article",
        },
        Object {
          "instance": null,
          "key": undefined,
          "nodeType": "host",
          "props": Object {
            "children": Array [
              <div />,
              <span>
                OR
</span>,
              <div />,
            ],
            "className": "formDivider",
          },
          "ref": null,
          "rendered": Array [
            Object {
              "instance": null,
              "key": undefined,
              "nodeType": "host",
              "props": Object {},
              "ref": null,
              "rendered": null,
              "type": "div",
            },
            Object {
              "instance": null,
              "key": undefined,
              "nodeType": "host",
              "props": Object {
                "children": "OR",
              },
              "ref": null,
              "rendered": "OR",
              "type": "span",
            },
            Object {
              "instance": null,
              "key": undefined,
              "nodeType": "host",
              "props": Object {},
              "ref": null,
              "rendered": null,
              "type": "div",
            },
          ],
          "type": "div",
        },
        Object {
          "instance": null,
          "key": undefined,
          "nodeType": "host",
          "props": Object {
            "children": Array [
              <h2>
                Login
</h2>,
              <form
                className="loginForm"
                onSubmit={[Function]}
>
                <h3>
                                Email
                </h3>
                <input
                                name="loginEmail"
                                onChange={[Function]}
                                placeholder="Ex: testman@aol.com"
                                value=""
                />
                <h3>
                                Password
                </h3>
                <t
                                buttonClassName=""
                                inputClassName=""
                                name="loginPassword"
                                onBlur={[Function]}
                                onChange={[Function]}
                                onKeyDown={[Function]}
                                placeholder="Password"
                                useVendorStyles={true}
                                value=""
                />
                
                <button>
                                Login
                </button>
</form>,
            ],
            "className": "login",
          },
          "ref": null,
          "rendered": Array [
            Object {
              "instance": null,
              "key": undefined,
              "nodeType": "host",
              "props": Object {
                "children": "Login",
              },
              "ref": null,
              "rendered": "Login",
              "type": "h2",
            },
            Object {
              "instance": null,
              "key": undefined,
              "nodeType": "host",
              "props": Object {
                "children": Array [
                  <h3>
                    Email
</h3>,
                  <input
                    name="loginEmail"
                    onChange={[Function]}
                    placeholder="Ex: testman@aol.com"
                    value=""
/>,
                  <h3>
                    Password
</h3>,
                  <t
                    buttonClassName=""
                    inputClassName=""
                    name="loginPassword"
                    onBlur={[Function]}
                    onChange={[Function]}
                    onKeyDown={[Function]}
                    placeholder="Password"
                    useVendorStyles={true}
                    value=""
/>,
                  "",
                  <button>
                    Login
</button>,
                ],
                "className": "loginForm",
                "onSubmit": [Function],
              },
              "ref": null,
              "rendered": Array [
                Object {
                  "instance": null,
                  "key": undefined,
                  "nodeType": "host",
                  "props": Object {
                    "children": "Email",
                  },
                  "ref": null,
                  "rendered": "Email",
                  "type": "h3",
                },
                Object {
                  "instance": null,
                  "key": undefined,
                  "nodeType": "host",
                  "props": Object {
                    "name": "loginEmail",
                    "onChange": [Function],
                    "placeholder": "Ex: testman@aol.com",
                    "value": "",
                  },
                  "ref": null,
                  "rendered": null,
                  "type": "input",
                },
                Object {
                  "instance": null,
                  "key": undefined,
                  "nodeType": "host",
                  "props": Object {
                    "children": "Password",
                  },
                  "ref": null,
                  "rendered": "Password",
                  "type": "h3",
                },
                Object {
                  "instance": null,
                  "key": undefined,
                  "nodeType": "class",
                  "props": Object {
                    "buttonClassName": "",
                    "inputClassName": "",
                    "name": "loginPassword",
                    "onBlur": [Function],
                    "onChange": [Function],
                    "onKeyDown": [Function],
                    "placeholder": "Password",
                    "useVendorStyles": true,
                    "value": "",
                  },
                  "ref": null,
                  "rendered": null,
                  "type": [Function],
                },
                "",
                Object {
                  "instance": null,
                  "key": undefined,
                  "nodeType": "host",
                  "props": Object {
                    "children": "Login",
                  },
                  "ref": null,
                  "rendered": "Login",
                  "type": "button",
                },
              ],
              "type": "form",
            },
          ],
          "type": "article",
        },
      ],
      "type": "section",
    },
  ],
  Symbol(enzyme.__options__): Object {
    "adapter": ReactSixteenAdapter {
      "options": Object {
        "enableComponentDidUpdateOnSetState": true,
      },
    },
  },
}
`;
